E:/Download/RM/wheelleg_dm/APP/chassis_task.c:71:6:chassis_init	16	static
E:/Download/RM/wheelleg_dm/APP/chassis_task.c:140:6:chassis_pid_init	48	static
E:/Download/RM/wheelleg_dm/APP/chassis_task.c:157:6:chassisL_task	16	static
E:/Download/RM/wheelleg_dm/APP/chassis_task.c:173:6:chassisR_task	16	static
E:/Download/RM/wheelleg_dm/APP/chassis_task.c:190:6:chassis_feedback_update	16	static
E:/Download/RM/wheelleg_dm/APP/chassis_task.c:231:6:chassis_rc_update	8	static
E:/Download/RM/wheelleg_dm/APP/chassis_task.c:269:6:chassis_T_calc	80	static
E:/Download/RM/wheelleg_dm/APP/chassis_task.c:312:6:chassis_jump	32	static
E:/Download/RM/wheelleg_dm/APP/chassis_task.c:421:6:chassis_offground_detect	64	static
E:/Download/RM/wheelleg_dm/APP/chassis_task.c:483:6:chassis_motor_torch_calc	16	static
E:/Download/RM/wheelleg_dm/APP/chassis_task.c:518:6:chassis_motor_control	32	static
