E:/Download/RM/wheelleg_dm/Core/Src/stm32h7xx_it.c:87:6:NMI_Handler	4	static
E:/Download/RM/wheelleg_dm/Core/Src/stm32h7xx_it.c:102:6:HardFault_Handler	4	static
E:/Download/RM/wheelleg_dm/Core/Src/stm32h7xx_it.c:117:6:MemManage_Handler	4	static
E:/Download/RM/wheelleg_dm/Core/Src/stm32h7xx_it.c:132:6:BusFault_Handler	4	static
E:/Download/RM/wheelleg_dm/Core/Src/stm32h7xx_it.c:147:6:UsageFault_Handler	4	static
E:/Download/RM/wheelleg_dm/Core/Src/stm32h7xx_it.c:162:6:DebugMon_Handler	4	static
E:/Download/RM/wheelleg_dm/Core/Src/stm32h7xx_it.c:182:6:DMA1_Stream0_IRQHandler	8	static
E:/Download/RM/wheelleg_dm/Core/Src/stm32h7xx_it.c:196:6:DMA1_Stream1_IRQHandler	8	static
E:/Download/RM/wheelleg_dm/Core/Src/stm32h7xx_it.c:210:6:DMA1_Stream2_IRQHandler	8	static
E:/Download/RM/wheelleg_dm/Core/Src/stm32h7xx_it.c:224:6:DMA1_Stream3_IRQHandler	8	static
E:/Download/RM/wheelleg_dm/Core/Src/stm32h7xx_it.c:238:6:DMA1_Stream4_IRQHandler	8	static
E:/Download/RM/wheelleg_dm/Core/Src/stm32h7xx_it.c:252:6:FDCAN1_IT0_IRQHandler	8	static
E:/Download/RM/wheelleg_dm/Core/Src/stm32h7xx_it.c:266:6:FDCAN2_IT0_IRQHandler	8	static
E:/Download/RM/wheelleg_dm/Core/Src/stm32h7xx_it.c:280:6:SPI2_IRQHandler	8	static
E:/Download/RM/wheelleg_dm/Core/Src/stm32h7xx_it.c:294:6:USART1_IRQHandler	8	static
E:/Download/RM/wheelleg_dm/Core/Src/stm32h7xx_it.c:309:6:UART5_IRQHandler	8	static
E:/Download/RM/wheelleg_dm/Core/Src/stm32h7xx_it.c:324:6:DMA2_Stream0_IRQHandler	8	static
E:/Download/RM/wheelleg_dm/Core/Src/stm32h7xx_it.c:338:6:DMA2_Stream1_IRQHandler	8	static
E:/Download/RM/wheelleg_dm/Core/Src/stm32h7xx_it.c:352:6:UART7_IRQHandler	8	static
E:/Download/RM/wheelleg_dm/Core/Src/stm32h7xx_it.c:367:6:SPI6_IRQHandler	8	static
E:/Download/RM/wheelleg_dm/Core/Src/stm32h7xx_it.c:380:6:BDMA_Channel0_IRQHandler	8	static
E:/Download/RM/wheelleg_dm/Core/Src/stm32h7xx_it.c:394:6:FDCAN3_IT0_IRQHandler	8	static
E:/Download/RM/wheelleg_dm/Core/Src/stm32h7xx_it.c:408:6:TIM23_IRQHandler	8	static
