E:/Download/RM/wheelleg_dm/Module/IMU/BMI088/BMI088driver.c:115:6:BMI088_Init	8	static
E:/Download/RM/wheelleg_dm/Module/IMU/BMI088/BMI088driver.c:122:13:Get_BMI088_Ptr	4	static
E:/Download/RM/wheelleg_dm/Module/IMU/BMI088/BMI088driver.c:127:9:BMI088_init	16	static
E:/Download/RM/wheelleg_dm/Module/IMU/BMI088/BMI088driver.c:149:6:Calibrate_MPU_Offset	72	static
E:/Download/RM/wheelleg_dm/Module/IMU/BMI088/BMI088driver.c:265:9:bmi088_accel_init	8	static
E:/Download/RM/wheelleg_dm/Module/IMU/BMI088/BMI088driver.c:311:9:bmi088_gyro_init	8	static
E:/Download/RM/wheelleg_dm/Module/IMU/BMI088/BMI088driver.c:353:6:BMI088_Read	8	static
E:/Download/RM/wheelleg_dm/Module/IMU/BMI088/BMI088driver.c:405:13:BMI088_write_single_reg	16	static
E:/Download/RM/wheelleg_dm/Module/IMU/BMI088/BMI088driver.c:411:13:BMI088_read_single_reg	16	static
E:/Download/RM/wheelleg_dm/Module/IMU/BMI088/BMI088driver.c:430:13:BMI088_read_muli_reg	16	static
