E:/Download/RM/wheelleg_dm/Module/COMM/comm.c:25:6:comm_init	32	static
E:/Download/RM/wheelleg_dm/Module/COMM/comm.c:35:6:comm_decode	24	static
E:/Download/RM/wheelleg_dm/Module/COMM/comm.c:81:6:comm_callback	48	static
E:/Download/RM/wheelleg_dm/Module/COMM/comm.c:95:6:cmd_debug_handler	24	static
E:/Download/RM/wheelleg_dm/Module/COMM/comm.c:103:6:cmd_move_handler	16	static
E:/Download/RM/wheelleg_dm/Module/COMM/comm.c:111:6:cmd_rotate_handler	16	static
E:/Download/RM/wheelleg_dm/Module/COMM/comm.c:118:6:cmd_state_handler	16	static
E:/Download/RM/wheelleg_dm/Module/COMM/comm.c:126:6:cmd_imu_l_handler	16	static
E:/Download/RM/wheelleg_dm/Module/COMM/comm.c:133:6:cmd_start_handler	16	static
E:/Download/RM/wheelleg_dm/Module/COMM/comm.c:142:6:cmd_onlinecb_handler	16	static
E:/Download/RM/wheelleg_dm/Module/COMM/comm.c:150:6:cmd_buffer_handler	16	static
E:/Download/RM/wheelleg_dm/Module/COMM/comm.c:155:6:CommCmd_PackPacket	56	dynamic
E:/Download/RM/wheelleg_dm/Module/COMM/comm.c:178:6:comm_send_attitude	16	static
E:/Download/RM/wheelleg_dm/Module/COMM/comm.c:198:6:comm_send_start	8	static
E:/Download/RM/wheelleg_dm/Module/COMM/comm.c:205:6:comm_send_onlinecb	8	static
